
> aiv-u@0.0.0 build
> ng build

node.exe : [1m[33m[baseline-browser-mapping] The data in this module is over 
two months old.  To ensure accurate Baseline data, please update: `npm i 
baseline-browser-mapping@latest -D`[39m[22m
En C:\Program Files\nodejs\npm.ps1: 29 Carácter: 3
+   & $NODE_EXE $NPM_CLI_JS $args
+   ~~~~~~~~~~~~~~~~~~~~~~~~~~~~~
    + CategoryInfo          : NotSpecified: ([1m[33m[basel...t -D`[39m[22m 
   :String) [], RemoteException
    + FullyQualifiedErrorId : NativeCommandError
 
[33mÔØ»[39m Building...
[32mÔ£ö[39m Building...
[1mInitial chunk files[22m  [2m | [22m[1mNames[22m                            [2m | [22m [1mRaw size[22m[2m | [22m[1mEstimated transfer size[22m
[32mchunk-WARMK7QW.js[39m    [2m | [22m[2m-[22m                                [2m | [22m[36m175.52 kB[39m[2m | [22m               [36m50.21 kB[39m
[32mchunk-VQVVD2Y4.js[39m    [2m | [22m[2m-[22m                                [2m | [22m [36m91.90 kB[39m[2m | [22m               [36m23.11 kB[39m
[32mchunk-I3FG2IUA.js[39m    [2m | [22m[2m-[22m                                [2m | [22m [36m70.01 kB[39m[2m | [22m               [36m24.84 kB[39m
[32mpolyfills-5CFQRCPP.js[39m[2m | [22m[2mpolyfills[22m                        [2m | [22m [36m34.59 kB[39m[2m | [22m               [36m11.33 kB[39m
[32mmain-NHJOXVF5.js[39m     [2m | [22m[2mmain[22m                             [2m | [22m [36m21.46 kB[39m[2m | [22m                [36m4.50 kB[39m
[32mstyles-XLRLYNMD.css[39m  [2m | [22m[2mstyles[22m                           [2m | [22m  [36m9.25 kB[39m[2m | [22m                [36m1.35 kB[39m
[32mchunk-TTI7PPVU.js[39m    [2m | [22m[2m-[22m                                [2m | [22m  [36m1.21 kB[39m[2m | [22m              [36m462 bytes[39m

[1m [22m                    [2m | [22m[1mInitial total[22m                    [2m | [22m[1m403.94 kB[22m[2m | [22m              [1m115.81 kB[22m

[1mLazy chunk files[22m     [2m | [22m[1mNames[22m                            [2m | [22m [1mRaw size[22m[2m | [22m[1mEstimated transfer size[22m
[32mchunk-JKZSKYBI.js[39m    [2m | [22m[2mcomparison-component[22m             [2m | [22m[36m230.46 kB[39m[2m | [22m               [36m67.30 kB[39m
[32mchunk-JPVBWUUO.js[39m    [2m | [22m[2mexercise-camera-component[22m        [2m | [22m[36m105.65 kB[39m[2m | [22m               [36m28.65 kB[39m
[32mchunk-K53RO45I.js[39m    [2m | [22m[2m-[22m                                [2m | [22m [36m36.13 kB[39m[2m | [22m                [36m7.60 kB[39m
[32mchunk-ANRMVL3W.js[39m    [2m | [22m[2mexercise-recommendation-component[22m[2m | [22m [36m31.89 kB[39m[2m | [22m                [36m6.65 kB[39m
[32mchunk-M3UA63KC.js[39m    [2m | [22m[2mhome-component[22m                   [2m | [22m [36m16.82 kB[39m[2m | [22m                [36m4.06 kB[39m
[32mchunk-RBQRRI2J.js[39m    [2m | [22m[2mregister-component[22m               [2m | [22m [36m10.38 kB[39m[2m | [22m                [36m2.63 kB[39m
[32mchunk-VTEYSG7L.js[39m    [2m | [22m[2mlogin-component[22m                  [2m | [22m [36m10.03 kB[39m[2m | [22m                [36m2.56 kB[39m
[32mchunk-SIGGDSCV.js[39m    [2m | [22m[2m-[22m                                [2m | [22m[36m825 bytes[39m[2m | [22m              [36m825 bytes[39m

Application bundle generation failed. [4.900 seconds] - 2026-03-25T07:14:31.269Z

[1m[33m[33mÔû▓ [43;33m[[43;30mWARNING[43;33m][0m 
[1msrc/app/login/login.component.css exceeded maximum budget. Budget 4.00 kB 
was not met by 1.29 kB with a total of 5.29 kB.[0m


[33mÔû▓ [43;33m[[43;30mWARNING[43;33m][0m 
[1msrc/app/register/register.component.css exceeded maximum budget. Budget 
4.00 kB was not met by 1.03 kB with a total of 5.03 kB.[0m


[33mÔû▓ [43;33m[[43;30mWARNING[43;33m][0m 
[1msrc/app/components/exercise-camera/exercise-camera.component.css exceeded 
maximum budget. Budget 4.00 kB was not met by 14.27 kB with a total of 18.27 
kB.[0m


[33mÔû▓ [43;33m[[43;30mWARNING[43;33m][0m 
[1msrc/app/components/exercise-overlay/exercise-overlay.component.css 
exceeded maximum budget. Budget 4.00 kB was not met by 2.19 kB with a total of 
6.20 kB.[0m


[33mÔû▓ [43;33m[[43;30mWARNING[43;33m][0m [1msrc/app/home/home.css 
exceeded maximum budget. Budget 4.00 kB was not met by 4.25 kB with a total of 
8.25 kB.[0m


[33mÔû▓ [43;33m[[43;30mWARNING[43;33m][0m 
[1msrc/app/exercise-recommendation/exercise-recommendation.component.css 
exceeded maximum budget. Budget 4.00 kB was not met by 8.40 kB with a total of 
12.40 kB.[0m


[33mÔû▓ [43;33m[[43;30mWARNING[43;33m][0m 
[1msrc/app/components/comparison/comparison.component.css exceeded maximum 
budget. Budget 4.00 kB was not met by 4.63 kB with a total of 8.63 kB.[0m


[33mÔû▓ [43;33m[[43;30mWARNING[43;33m][0m [1mcss-inline-fonts:https://fon
ts.googleapis.com/css2?family=Outfit:wght@700;800&family=DM+Sans:wght@400;500&f
amily=JetBrains+Mono:wght@400;500&display=swap exceeded maximum budget. Budget 
4.00 kB was not met by 8.35 kB with a total of 12.35 kB.[0m


[33mÔû▓ [43;33m[[43;30mWARNING[43;33m][0m [1mModule '@mediapipe/pose' 
used by 'src/app/services/mediapipe.service.ts' is not ESM[0m

  CommonJS or AMD dependencies can cause optimization bailouts.
  For more information see: 
[4mhttps://angular.dev/tools/cli/build#configuring-commonjs-dependencies[0m


[33mÔû▓ [43;33m[[43;30mWARNING[43;33m][0m [1mModule 
'@mediapipe/camera_utils' used by 'src/app/services/mediapipe.service.ts' is 
not ESM[0m

  CommonJS or AMD dependencies can cause optimization bailouts.
  For more information see: 
[4mhttps://angular.dev/tools/cli/build#configuring-commonjs-dependencies[0m

[39m[22m
[1m[31m[31mX [41;31m[[41;97mERROR[41;31m][0m 
[1msrc/app/components/exercise-camera/exercise-camera.component.css exceeded 
maximum budget. Budget 8.00 kB was not met by 10.27 kB with a total of 18.27 
kB.[0m


[31mX [41;31m[[41;97mERROR[41;31m][0m [1msrc/app/home/home.css exceeded 
maximum budget. Budget 8.00 kB was not met by 251 bytes with a total of 8.25 
kB.[0m


[31mX [41;31m[[41;97mERROR[41;31m][0m 
[1msrc/app/exercise-recommendation/exercise-recommendation.component.css 
exceeded maximum budget. Budget 8.00 kB was not met by 4.40 kB with a total of 
12.40 kB.[0m


[31mX [41;31m[[41;97mERROR[41;31m][0m 
[1msrc/app/components/comparison/comparison.component.css exceeded maximum 
budget. Budget 8.00 kB was not met by 633 bytes with a total of 8.63 kB.[0m


[31mX [41;31m[[41;97mERROR[41;31m][0m [1mcss-inline-fonts:https://fonts.g
oogleapis.com/css2?family=Outfit:wght@700;800&family=DM+Sans:wght@400;500&famil
y=JetBrains+Mono:wght@400;500&display=swap exceeded maximum budget. Budget 
8.00 kB was not met by 4.35 kB with a total of 12.35 kB.[0m

[39m[22m
